// Vitest Snapshot v1, https://vitest.dev/guide/snapshot.html

exports[`F10: the admin-only notice > uses the chat sheet notice size (13/18/400), not text-sm 1`] = `
{
  "className": "mt-1.5 text-fg-2 text-[13px] leading-[18px] font-normal",
  "text": "Only admins can edit this group's info",
}
`;

exports[`group info full page > Leave group is a 56px outlined row with destructive text, no filled red 1`] = `
{
  "admin": [
    "hero",
    "tabs",
    "name",
    "members",
    "leave",
  ],
  "leaveRow": "flex min-h-[56px] w-full select-none items-center gap-3 rounded-lg border border-border px-4 text-left text-sm font-medium text-bad [-webkit-touch-callout:none] hover:bg-panel-2 focus-visible:outline-none focus-visible:ring-2 focus-visible:ring-accent disabled:opacity-50",
  "member": [
    "hero",
    "tabs",
    "members",
    "leave",
  ],
}
`;
